2026-08-31 09:05:15.326 [info] Reading sessions from keychain...
2026-08-31 09:05:15.326 [info] Getting sessions for all scopes...
2026-08-31 09:05:15.393 [info] Got 0 sessions for ...
2026-08-31 09:05:15.394 [info] Getting sessions for all scopes...
2026-08-31 09:05:15.394 [info] Got 0 sessions for ...
2026-08-31 09:05:15.394 [info] Getting sessions for all scopes...
2026-08-31 09:05:15.394 [info] Got 0 sessions for ...
2026-08-31 09:05:15.422 [info] Getting sessions for all scopes...
2026-08-31 09:05:15.422 [info] Got 0 sessions for ...
2026-08-31 09:05:15.578 [info] Getting sessions for all scopes...
2026-08-31 09:05:15.578 [info] Got 0 sessions for ...
2026-08-31 09:05:15.869 [info] Getting sessions for read:user,user:email...
2026-08-31 09:05:15.869 [info] Got 0 sessions for read:user,user:email...
2026-08-31 09:05:15.871 [info] Getting sessions for read:user,user:email...
2026-08-31 09:05:15.871 [info] Got 0 sessions for read:user,user:email...
2026-08-31 09:05:15.872 [info] Getting sessions for read:user,user:email...
2026-08-31 09:05:15.872 [info] Got 0 sessions for read:user,user:email...
2026-08-31 09:05:15.872 [info] Getting sessions for read:user,user:email...
2026-08-31 09:05:15.873 [info] Got 0 sessions for read:user,user:email...
2026-08-31 09:05:15.873 [info] Getting sessions for read:user,user:email...
2026-08-31 09:05:15.873 [info] Got 0 sessions for read:user,user:email...
2026-08-31 09:05:15.874 [info] Getting sessions for read:user,user:email...
2026-08-31 09:05:15.874 [info] Got 0 sessions for read:user,user:email...
2026-08-31 09:05:15.875 [info] Getting sessions for read:user,user:email...
2026-08-31 09:05:15.875 [info] Got 0 sessions for read:user,user:email...
2026-08-31 09:05:15.876 [info] Getting sessions for read:user,user:email...
2026-08-31 09:05:15.876 [info] Got 0 sessions for read:user,user:email...
2026-08-31 09:05:15.876 [info] Getting sessions for read:user,user:email...
2026-08-31 09:05:15.876 [info] Got 0 sessions for read:user,user:email...
2026-08-31 09:05:15.877 [info] Getting sessions for read:user,user:email...
2026-08-31 09:05:15.877 [info] Got 0 sessions for read:user,user:email...
2026-08-31 09:05:15.878 [info] Getting sessions for read:user,user:email...
2026-08-31 09:05:15.878 [info] Got 0 sessions for read:user,user:email...
2026-08-31 09:05:15.879 [info] Getting sessions for read:user,user:email...
2026-08-31 09:05:15.879 [info] Got 0 sessions for read:user,user:email...
2026-08-31 09:05:15.879 [info] Getting sessions for read:user,user:email...
2026-08-31 09:05:15.879 [info] Got 0 sessions for read:user,user:email...
2026-08-31 09:05:15.934 [info] Getting sessions for all scopes...
2026-08-31 09:05:15.934 [info] Got 0 sessions for ...
2026-08-31 09:05:15.935 [info] Getting sessions for all scopes...
2026-08-31 09:05:15.935 [info] Got 0 sessions for ...
2026-08-31 09:05:15.936 [info] Getting sessions for all scopes...
2026-08-31 09:05:15.936 [info] Got 0 sessions for ...
2026-08-31 09:05:15.937 [info] Getting sessions for all scopes...
2026-08-31 09:05:15.937 [info] Got 0 sessions for ...
2026-08-31 09:05:15.938 [info] Getting sessions for all scopes...
2026-08-31 09:05:15.939 [info] Got 0 sessions for ...
2026-08-31 09:05:15.939 [info] Getting sessions for all scopes...
2026-08-31 09:05:15.939 [info] Got 0 sessions for ...
2026-08-31 09:05:15.940 [info] Getting sessions for all scopes...
2026-08-31 09:05:15.940 [info] Got 0 sessions for ...
2026-08-31 09:05:15.941 [info] Getting sessions for all scopes...
2026-08-31 09:05:15.941 [info] Got 0 sessions for ...
2026-08-31 09:05:15.942 [info] Getting sessions for all scopes...
2026-08-31 09:05:15.942 [info] Got 0 sessions for ...
2026-08-31 09:05:15.943 [info] Getting sessions for all scopes...
2026-08-31 09:05:15.943 [info] Got 0 sessions for ...
2026-08-31 09:05:15.944 [info] Getting sessions for all scopes...
2026-08-31 09:05:15.944 [info] Got 0 sessions for ...
2026-08-31 09:05:15.945 [info] Getting sessions for all scopes...
2026-08-31 09:05:15.945 [info] Got 0 sessions for ...
2026-08-31 09:05:15.947 [info] Getting sessions for all scopes...
2026-08-31 09:05:15.947 [info] Got 0 sessions for ...
2026-08-31 09:05:16.010 [info] Getting sessions for repo...
2026-08-31 09:05:16.010 [info] Got 0 sessions for repo...
2026-08-31 09:05:16.012 [info] Getting sessions for repo...
2026-08-31 09:05:16.012 [info] Got 0 sessions for repo...
2026-08-31 09:05:16.013 [info] Getting sessions for repo...
2026-08-31 09:05:16.013 [info] Got 0 sessions for repo...
2026-08-31 09:05:16.014 [info] Getting sessions for repo...
2026-08-31 09:05:16.014 [info] Got 0 sessions for repo...
2026-08-31 09:05:16.015 [info] Getting sessions for repo...
2026-08-31 09:05:16.015 [info] Got 0 sessions for repo...
2026-08-31 09:05:16.016 [info] Getting sessions for repo...
2026-08-31 09:05:16.016 [info] Got 0 sessions for repo...
2026-08-31 09:05:16.017 [info] Getting sessions for repo...
2026-08-31 09:05:16.018 [info] Got 0 sessions for repo...
2026-08-31 09:05:16.020 [info] Getting sessions for repo...
2026-08-31 09:05:16.020 [info] Got 0 sessions for repo...
2026-08-31 09:05:16.022 [info] Getting sessions for repo...
2026-08-31 09:05:16.022 [info] Got 0 sessions for repo...
2026-08-31 09:05:16.023 [info] Getting sessions for repo...
2026-08-31 09:05:16.023 [info] Got 0 sessions for repo...
2026-08-31 09:05:16.023 [info] Getting sessions for repo...
2026-08-31 09:05:16.023 [info] Got 0 sessions for repo...
2026-08-31 09:05:16.024 [info] Getting sessions for repo...
2026-08-31 09:05:16.024 [info] Got 0 sessions for repo...
2026-08-31 09:05:16.025 [info] Getting sessions for repo...
2026-08-31 09:05:16.025 [info] Got 0 sessions for repo...
2026-08-31 09:05:16.026 [info] Getting sessions for all scopes...
2026-08-31 09:05:16.026 [info] Got 0 sessions for ...
2026-08-31 09:05:16.027 [info] Getting sessions for all scopes...
2026-08-31 09:05:16.027 [info] Got 0 sessions for ...
2026-08-31 09:05:16.027 [info] Getting sessions for all scopes...
2026-08-31 09:05:16.027 [info] Got 0 sessions for ...
2026-08-31 09:05:16.028 [info] Getting sessions for all scopes...
2026-08-31 09:05:16.028 [info] Got 0 sessions for ...
2026-08-31 09:05:16.029 [info] Getting sessions for all scopes...
2026-08-31 09:05:16.029 [info] Got 0 sessions for ...
2026-08-31 09:05:16.029 [info] Getting sessions for all scopes...
2026-08-31 09:05:16.029 [info] Got 0 sessions for ...
2026-08-31 09:05:16.030 [info] Getting sessions for all scopes...
2026-08-31 09:05:16.030 [info] Got 0 sessions for ...
2026-08-31 09:05:16.031 [info] Getting sessions for all scopes...
2026-08-31 09:05:16.031 [info] Got 0 sessions for ...
2026-08-31 09:05:16.032 [info] Getting sessions for all scopes...
2026-08-31 09:05:16.032 [info] Got 0 sessions for ...
2026-08-31 09:05:16.032 [info] Getting sessions for all scopes...
2026-08-31 09:05:16.032 [info] Got 0 sessions for ...
2026-08-31 09:05:16.034 [info] Getting sessions for all scopes...
2026-08-31 09:05:16.034 [info] Got 0 sessions for ...
2026-08-31 09:05:16.036 [info] Getting sessions for all scopes...
2026-08-31 09:05:16.036 [info] Got 0 sessions for ...
2026-08-31 09:05:16.037 [info] Getting sessions for all scopes...
2026-08-31 09:05:16.037 [info] Got 0 sessions for ...
2026-08-31 09:05:17.283 [info] Getting sessions for all scopes...
2026-08-31 09:05:17.283 [info] Got 0 sessions for ...
