2026-08-27 05:42:45.869 [info] [main] Log level: Info
2026-08-27 05:42:45.869 [info] [main] Validating found git in: "git"
2026-08-27 05:42:45.869 [info] [main] Using git "2.55.0" from "git"
2026-08-27 05:42:45.869 [info] [Model][doInitialScan] Initial repository scan started
2026-08-27 05:42:45.869 [info] [Model][doInitialScan] Initial repository scan completed - repositories (0), closed repositories (0), parent repositories (0), unsafe repositories (0)
2026-08-27 05:42:58.306 [info] > git rev-parse --show-toplevel [4ms]
2026-08-27 05:42:58.306 [info] fatal: not a git repository (or any of the parent directories): .git
2026-08-27 05:46:19.842 [info] > git rev-parse --show-toplevel [2ms]
2026-08-27 05:46:19.842 [info] fatal: not a git repository (or any of the parent directories): .git
2026-08-27 05:46:37.317 [info] > git rev-parse --show-toplevel [2ms]
2026-08-27 05:46:37.317 [info] fatal: not a git repository (or any of the parent directories): .git
2026-08-27 05:46:41.629 [info] > git rev-parse --show-toplevel [2ms]
2026-08-27 05:46:41.629 [info] fatal: not a git repository (or any of the parent directories): .git
2026-08-27 05:46:52.782 [info] > git rev-parse --show-toplevel [3ms]
2026-08-27 05:46:52.782 [info] fatal: not a git repository (or any of the parent directories): .git
2026-08-27 05:46:56.033 [info] > git rev-parse --show-toplevel [2ms]
2026-08-27 05:46:56.033 [info] fatal: not a git repository (or any of the parent directories): .git
2026-08-27 05:47:04.930 [info] > git rev-parse --show-toplevel [2ms]
2026-08-27 05:47:04.930 [info] fatal: not a git repository (or any of the parent directories): .git
2026-08-27 05:48:23.577 [info] > git rev-parse --show-toplevel [6ms]
2026-08-27 05:48:23.577 [info] fatal: not a git repository (or any of the parent directories): .git
2026-08-27 05:48:46.017 [info] > git rev-parse --show-toplevel [3ms]
2026-08-27 05:48:46.018 [info] fatal: not a git repository (or any of the parent directories): .git
