WRN 2026-08-28T15:18:39.310 ui.119992  tui_handle_term_mode:226: TUI: terminal mode 69 unavailable, state 0
WRN 2026-08-28T15:18:39.310 ui.119992  tui_handle_term_mode:239: TUI: terminal mode 2026 detected, state 2
WRN 2026-08-28T15:18:39.310 ui.119992  tui_handle_term_mode:226: TUI: terminal mode 2027 unavailable, state 0
WRN 2026-08-28T15:18:39.310 ui.119992  tui_handle_term_mode:239: TUI: terminal mode 2031 detected, state 2
WRN 2026-08-28T15:18:39.310 ui.119992  tui_handle_term_mode:239: TUI: terminal mode 2048 detected, state 2
WRN 2026-08-28T15:19:05.318 ui.124087  tui_handle_term_mode:226: TUI: terminal mode 69 unavailable, state 0
WRN 2026-08-28T15:19:05.318 ui.124087  tui_handle_term_mode:239: TUI: terminal mode 2026 detected, state 2
WRN 2026-08-28T15:19:05.318 ui.124087  tui_handle_term_mode:226: TUI: terminal mode 2027 unavailable, state 0
WRN 2026-08-28T15:19:05.318 ui.124087  tui_handle_term_mode:239: TUI: terminal mode 2031 detected, state 2
WRN 2026-08-28T15:19:05.318 ui.124087  tui_handle_term_mode:239: TUI: terminal mode 2048 detected, state 2
WRN 2026-08-28T15:19:41.045 ui.125617  tui_handle_term_mode:226: TUI: terminal mode 69 unavailable, state 0
WRN 2026-08-28T15:19:41.045 ui.125617  tui_handle_term_mode:239: TUI: terminal mode 2026 detected, state 2
WRN 2026-08-28T15:19:41.045 ui.125617  tui_handle_term_mode:226: TUI: terminal mode 2027 unavailable, state 0
WRN 2026-08-28T15:19:41.045 ui.125617  tui_handle_term_mode:239: TUI: terminal mode 2031 detected, state 2
WRN 2026-08-28T15:19:41.045 ui.125617  tui_handle_term_mode:239: TUI: terminal mode 2048 detected, state 2
WRN 2026-08-28T15:20:34.838 ui.127960  tui_handle_term_mode:226: TUI: terminal mode 69 unavailable, state 0
WRN 2026-08-28T15:20:34.838 ui.127960  tui_handle_term_mode:239: TUI: terminal mode 2026 detected, state 2
WRN 2026-08-28T15:20:34.838 ui.127960  tui_handle_term_mode:226: TUI: terminal mode 2027 unavailable, state 0
WRN 2026-08-28T15:20:34.839 ui.127960  tui_handle_term_mode:239: TUI: terminal mode 2031 detected, state 2
WRN 2026-08-28T15:20:34.839 ui.127960  tui_handle_term_mode:239: TUI: terminal mode 2048 detected, state 2
WRN 2026-08-28T15:25:21.910 ui.139229  tui_handle_term_mode:226: TUI: terminal mode 69 unavailable, state 0
WRN 2026-08-28T15:25:21.910 ui.139229  tui_handle_term_mode:239: TUI: terminal mode 2026 detected, state 2
WRN 2026-08-28T15:25:21.910 ui.139229  tui_handle_term_mode:226: TUI: terminal mode 2027 unavailable, state 0
WRN 2026-08-28T15:25:21.910 ui.139229  tui_handle_term_mode:239: TUI: terminal mode 2031 detected, state 2
WRN 2026-08-28T15:25:21.910 ui.139229  tui_handle_term_mode:239: TUI: terminal mode 2048 detected, state 2
WRN 2026-08-29T05:32:49.465 ui.5042    tui_handle_term_mode:226: TUI: terminal mode 69 unavailable, state 0
WRN 2026-08-29T05:32:49.466 ui.5042    tui_handle_term_mode:239: TUI: terminal mode 2026 detected, state 2
WRN 2026-08-29T05:32:49.466 ui.5042    tui_handle_term_mode:226: TUI: terminal mode 2027 unavailable, state 0
WRN 2026-08-29T05:32:49.466 ui.5042    tui_handle_term_mode:239: TUI: terminal mode 2031 detected, state 2
WRN 2026-08-29T05:32:49.466 ui.5042    tui_handle_term_mode:239: TUI: terminal mode 2048 detected, state 2
WRN 2026-08-29T06:09:10.074 ui.43123   tui_handle_term_mode:226: TUI: terminal mode 69 unavailable, state 0
WRN 2026-08-29T06:09:10.074 ui.43123   tui_handle_term_mode:239: TUI: terminal mode 2026 detected, state 2
WRN 2026-08-29T06:09:10.074 ui.43123   tui_handle_term_mode:226: TUI: terminal mode 2027 unavailable, state 0
WRN 2026-08-29T06:09:10.074 ui.43123   tui_handle_term_mode:239: TUI: terminal mode 2031 detected, state 2
WRN 2026-08-29T06:09:10.074 ui.43123   tui_handle_term_mode:239: TUI: terminal mode 2048 detected, state 2
WRN 2026-08-29T06:15:22.872 ui.84577   tui_handle_term_mode:226: TUI: terminal mode 69 unavailable, state 0
WRN 2026-08-29T06:15:22.872 ui.84577   tui_handle_term_mode:239: TUI: terminal mode 2026 detected, state 2
WRN 2026-08-29T06:15:22.872 ui.84577   tui_handle_term_mode:226: TUI: terminal mode 2027 unavailable, state 0
WRN 2026-08-29T06:15:22.872 ui.84577   tui_handle_term_mode:239: TUI: terminal mode 2031 detected, state 2
WRN 2026-08-29T06:15:22.872 ui.84577   tui_handle_term_mode:239: TUI: terminal mode 2048 detected, state 2
WRN 2026-08-29T06:15:30.540 ui.84980   tui_handle_term_mode:226: TUI: terminal mode 69 unavailable, state 0
WRN 2026-08-29T06:15:30.540 ui.84980   tui_handle_term_mode:239: TUI: terminal mode 2026 detected, state 2
WRN 2026-08-29T06:15:30.540 ui.84980   tui_handle_term_mode:226: TUI: terminal mode 2027 unavailable, state 0
WRN 2026-08-29T06:15:30.541 ui.84980   tui_handle_term_mode:239: TUI: terminal mode 2031 detected, state 2
WRN 2026-08-29T06:15:30.541 ui.84980   tui_handle_term_mode:239: TUI: terminal mode 2048 detected, state 2
WRN 2026-08-29T06:18:45.616 ui.101271  tui_handle_term_mode:226: TUI: terminal mode 69 unavailable, state 0
WRN 2026-08-29T06:18:45.616 ui.101271  tui_handle_term_mode:239: TUI: terminal mode 2026 detected, state 2
WRN 2026-08-29T06:18:45.616 ui.101271  tui_handle_term_mode:226: TUI: terminal mode 2027 unavailable, state 0
WRN 2026-08-29T06:18:45.619 ui.101271  tui_handle_term_mode:239: TUI: terminal mode 2031 detected, state 2
WRN 2026-08-29T06:18:45.620 ui.101271  tui_handle_term_mode:239: TUI: terminal mode 2048 detected, state 2
WRN 2026-08-29T06:19:03.779 ui.102429  tui_handle_term_mode:226: TUI: terminal mode 69 unavailable, state 0
WRN 2026-08-29T06:19:03.779 ui.102429  tui_handle_term_mode:239: TUI: terminal mode 2026 detected, state 2
WRN 2026-08-29T06:19:03.779 ui.102429  tui_handle_term_mode:226: TUI: terminal mode 2027 unavailable, state 0
WRN 2026-08-29T06:19:03.779 ui.102429  tui_handle_term_mode:239: TUI: terminal mode 2031 detected, state 2
WRN 2026-08-29T06:19:03.780 ui.102429  tui_handle_term_mode:239: TUI: terminal mode 2048 detected, state 2
WRN 2026-08-29T09:52:05.879 ui.3599    tui_handle_term_mode:226: TUI: terminal mode 69 unavailable, state 0
WRN 2026-08-29T09:52:05.880 ui.3599    tui_handle_term_mode:239: TUI: terminal mode 2026 detected, state 2
WRN 2026-08-29T09:52:05.880 ui.3599    tui_handle_term_mode:226: TUI: terminal mode 2027 unavailable, state 0
WRN 2026-08-29T09:52:05.880 ui.3599    tui_handle_term_mode:239: TUI: terminal mode 2031 detected, state 2
WRN 2026-08-29T09:52:05.880 ui.3599    tui_handle_term_mode:239: TUI: terminal mode 2048 detected, state 2
WRN 2026-08-29T13:03:05.158 ui.21646   tui_handle_term_mode:226: TUI: terminal mode 69 unavailable, state 0
WRN 2026-08-29T13:03:05.158 ui.21646   tui_handle_term_mode:239: TUI: terminal mode 2026 detected, state 2
WRN 2026-08-29T13:03:05.158 ui.21646   tui_handle_term_mode:226: TUI: terminal mode 2027 unavailable, state 0
WRN 2026-08-29T13:03:05.158 ui.21646   tui_handle_term_mode:239: TUI: terminal mode 2031 detected, state 2
WRN 2026-08-29T13:03:05.158 ui.21646   tui_handle_term_mode:239: TUI: terminal mode 2048 detected, state 2
WRN 2026-08-29T13:07:20.816 ui.62649   tui_handle_term_mode:226: TUI: terminal mode 69 unavailable, state 0
WRN 2026-08-29T13:07:20.816 ui.62649   tui_handle_term_mode:239: TUI: terminal mode 2026 detected, state 2
WRN 2026-08-29T13:07:20.816 ui.62649   tui_handle_term_mode:226: TUI: terminal mode 2027 unavailable, state 0
WRN 2026-08-29T13:07:20.816 ui.62649   tui_handle_term_mode:239: TUI: terminal mode 2031 detected, state 2
WRN 2026-08-29T13:07:20.816 ui.62649   tui_handle_term_mode:239: TUI: terminal mode 2048 detected, state 2
WRN 2026-08-29T13:22:19.862 ui.149292  tui_handle_term_mode:226: TUI: terminal mode 69 unavailable, state 0
WRN 2026-08-29T13:22:19.862 ui.149292  tui_handle_term_mode:239: TUI: terminal mode 2026 detected, state 2
WRN 2026-08-29T13:22:19.862 ui.149292  tui_handle_term_mode:226: TUI: terminal mode 2027 unavailable, state 0
WRN 2026-08-29T13:22:19.862 ui.149292  tui_handle_term_mode:239: TUI: terminal mode 2031 detected, state 2
WRN 2026-08-29T13:22:19.862 ui.149292  tui_handle_term_mode:239: TUI: terminal mode 2048 detected, state 2
WRN 2026-08-29T13:24:40.128 ui.173448  tui_handle_term_mode:226: TUI: terminal mode 69 unavailable, state 0
WRN 2026-08-29T13:24:40.128 ui.173448  tui_handle_term_mode:239: TUI: terminal mode 2026 detected, state 2
WRN 2026-08-29T13:24:40.128 ui.173448  tui_handle_term_mode:226: TUI: terminal mode 2027 unavailable, state 0
WRN 2026-08-29T13:24:40.128 ui.173448  tui_handle_term_mode:239: TUI: terminal mode 2031 detected, state 2
WRN 2026-08-29T13:24:40.128 ui.173448  tui_handle_term_mode:239: TUI: terminal mode 2048 detected, state 2
WRN 2026-08-29T13:25:30.579 ui.175293  tui_handle_term_mode:226: TUI: terminal mode 69 unavailable, state 0
WRN 2026-08-29T13:25:30.579 ui.175293  tui_handle_term_mode:239: TUI: terminal mode 2026 detected, state 2
WRN 2026-08-29T13:25:30.579 ui.175293  tui_handle_term_mode:226: TUI: terminal mode 2027 unavailable, state 0
WRN 2026-08-29T13:25:30.579 ui.175293  tui_handle_term_mode:239: TUI: terminal mode 2031 detected, state 2
WRN 2026-08-29T13:25:30.579 ui.175293  tui_handle_term_mode:239: TUI: terminal mode 2048 detected, state 2
WRN 2026-08-29T13:25:56.987 ui.176961  tui_handle_term_mode:226: TUI: terminal mode 69 unavailable, state 0
WRN 2026-08-29T13:25:56.987 ui.176961  tui_handle_term_mode:239: TUI: terminal mode 2026 detected, state 2
WRN 2026-08-29T13:25:56.987 ui.176961  tui_handle_term_mode:226: TUI: terminal mode 2027 unavailable, state 0
WRN 2026-08-29T13:25:56.987 ui.176961  tui_handle_term_mode:239: TUI: terminal mode 2031 detected, state 2
WRN 2026-08-29T13:25:56.987 ui.176961  tui_handle_term_mode:239: TUI: terminal mode 2048 detected, state 2
WRN 2026-08-29T13:28:08.615 ui.182233  tui_handle_term_mode:226: TUI: terminal mode 69 unavailable, state 0
WRN 2026-08-29T13:28:08.616 ui.182233  tui_handle_term_mode:239: TUI: terminal mode 2026 detected, state 2
WRN 2026-08-29T13:28:08.616 ui.182233  tui_handle_term_mode:226: TUI: terminal mode 2027 unavailable, state 0
WRN 2026-08-29T13:28:08.616 ui.182233  tui_handle_term_mode:239: TUI: terminal mode 2031 detected, state 2
WRN 2026-08-29T13:28:08.616 ui.182233  tui_handle_term_mode:239: TUI: terminal mode 2048 detected, state 2
WRN 2026-08-29T13:28:20.650 ui.182770  tui_handle_term_mode:226: TUI: terminal mode 69 unavailable, state 0
WRN 2026-08-29T13:28:20.650 ui.182770  tui_handle_term_mode:239: TUI: terminal mode 2026 detected, state 2
WRN 2026-08-29T13:28:20.650 ui.182770  tui_handle_term_mode:226: TUI: terminal mode 2027 unavailable, state 0
WRN 2026-08-29T13:28:20.650 ui.182770  tui_handle_term_mode:239: TUI: terminal mode 2031 detected, state 2
WRN 2026-08-29T13:28:20.650 ui.182770  tui_handle_term_mode:239: TUI: terminal mode 2048 detected, state 2
WRN 2026-08-29T13:28:46.391 ui.183775  tui_handle_term_mode:226: TUI: terminal mode 69 unavailable, state 0
WRN 2026-08-29T13:28:46.391 ui.183775  tui_handle_term_mode:239: TUI: terminal mode 2026 detected, state 2
WRN 2026-08-29T13:28:46.391 ui.183775  tui_handle_term_mode:226: TUI: terminal mode 2027 unavailable, state 0
WRN 2026-08-29T13:28:46.391 ui.183775  tui_handle_term_mode:239: TUI: terminal mode 2031 detected, state 2
WRN 2026-08-29T13:28:46.391 ui.183775  tui_handle_term_mode:239: TUI: terminal mode 2048 detected, state 2
WRN 2026-08-29T13:29:52.518 ui.186132  tui_handle_term_mode:226: TUI: terminal mode 69 unavailable, state 0
WRN 2026-08-29T13:29:52.518 ui.186132  tui_handle_term_mode:239: TUI: terminal mode 2026 detected, state 2
WRN 2026-08-29T13:29:52.518 ui.186132  tui_handle_term_mode:226: TUI: terminal mode 2027 unavailable, state 0
WRN 2026-08-29T13:29:52.518 ui.186132  tui_handle_term_mode:239: TUI: terminal mode 2031 detected, state 2
WRN 2026-08-29T13:29:52.518 ui.186132  tui_handle_term_mode:239: TUI: terminal mode 2048 detected, state 2
WRN 2026-08-29T13:31:11.309 ui.189453  tui_handle_term_mode:226: TUI: terminal mode 69 unavailable, state 0
WRN 2026-08-29T13:31:11.309 ui.189453  tui_handle_term_mode:239: TUI: terminal mode 2026 detected, state 2
WRN 2026-08-29T13:31:11.309 ui.189453  tui_handle_term_mode:226: TUI: terminal mode 2027 unavailable, state 0
WRN 2026-08-29T13:31:11.309 ui.189453  tui_handle_term_mode:239: TUI: terminal mode 2031 detected, state 2
WRN 2026-08-29T13:31:11.309 ui.189453  tui_handle_term_mode:239: TUI: terminal mode 2048 detected, state 2
WRN 2026-08-29T13:35:47.209 ui.224024  tui_handle_term_mode:226: TUI: terminal mode 69 unavailable, state 0
WRN 2026-08-29T13:35:47.209 ui.224024  tui_handle_term_mode:239: TUI: terminal mode 2026 detected, state 2
WRN 2026-08-29T13:35:47.209 ui.224024  tui_handle_term_mode:226: TUI: terminal mode 2027 unavailable, state 0
WRN 2026-08-29T13:35:47.209 ui.224024  tui_handle_term_mode:239: TUI: terminal mode 2031 detected, state 2
WRN 2026-08-29T13:35:47.209 ui.224024  tui_handle_term_mode:239: TUI: terminal mode 2048 detected, state 2
WRN 2026-08-29T13:36:20.786 ui.225630  tui_handle_term_mode:226: TUI: terminal mode 69 unavailable, state 0
WRN 2026-08-29T13:36:20.786 ui.225630  tui_handle_term_mode:239: TUI: terminal mode 2026 detected, state 2
WRN 2026-08-29T13:36:20.786 ui.225630  tui_handle_term_mode:226: TUI: terminal mode 2027 unavailable, state 0
WRN 2026-08-29T13:36:20.786 ui.225630  tui_handle_term_mode:239: TUI: terminal mode 2031 detected, state 2
WRN 2026-08-29T13:36:20.786 ui.225630  tui_handle_term_mode:239: TUI: terminal mode 2048 detected, state 2
WRN 2026-08-29T13:41:12.356 ui.239791  tui_handle_term_mode:226: TUI: terminal mode 69 unavailable, state 0
WRN 2026-08-29T13:41:12.357 ui.239791  tui_handle_term_mode:239: TUI: terminal mode 2026 detected, state 2
WRN 2026-08-29T13:41:12.357 ui.239791  tui_handle_term_mode:226: TUI: terminal mode 2027 unavailable, state 0
WRN 2026-08-29T13:41:12.357 ui.239791  tui_handle_term_mode:239: TUI: terminal mode 2031 detected, state 2
WRN 2026-08-29T13:41:12.357 ui.239791  tui_handle_term_mode:239: TUI: terminal mode 2048 detected, state 2
WRN 2026-08-29T13:42:31.244 ui.243164  tui_handle_term_mode:226: TUI: terminal mode 69 unavailable, state 0
WRN 2026-08-29T13:42:31.244 ui.243164  tui_handle_term_mode:239: TUI: terminal mode 2026 detected, state 2
WRN 2026-08-29T13:42:31.244 ui.243164  tui_handle_term_mode:226: TUI: terminal mode 2027 unavailable, state 0
WRN 2026-08-29T13:42:31.244 ui.243164  tui_handle_term_mode:239: TUI: terminal mode 2031 detected, state 2
WRN 2026-08-29T13:42:31.244 ui.243164  tui_handle_term_mode:239: TUI: terminal mode 2048 detected, state 2
WRN 2026-08-29T13:42:51.845 ui.243991  tui_handle_term_mode:226: TUI: terminal mode 69 unavailable, state 0
WRN 2026-08-29T13:42:51.845 ui.243991  tui_handle_term_mode:239: TUI: terminal mode 2026 detected, state 2
WRN 2026-08-29T13:42:51.845 ui.243991  tui_handle_term_mode:226: TUI: terminal mode 2027 unavailable, state 0
WRN 2026-08-29T13:42:51.845 ui.243991  tui_handle_term_mode:239: TUI: terminal mode 2031 detected, state 2
WRN 2026-08-29T13:42:51.845 ui.243991  tui_handle_term_mode:239: TUI: terminal mode 2048 detected, state 2
WRN 2026-08-29T13:43:27.262 ui.245211  tui_handle_term_mode:226: TUI: terminal mode 69 unavailable, state 0
WRN 2026-08-29T13:43:27.263 ui.245211  tui_handle_term_mode:239: TUI: terminal mode 2026 detected, state 2
WRN 2026-08-29T13:43:27.263 ui.245211  tui_handle_term_mode:226: TUI: terminal mode 2027 unavailable, state 0
WRN 2026-08-29T13:43:27.263 ui.245211  tui_handle_term_mode:239: TUI: terminal mode 2031 detected, state 2
WRN 2026-08-29T13:43:27.263 ui.245211  tui_handle_term_mode:239: TUI: terminal mode 2048 detected, state 2
WRN 2026-08-29T13:44:50.248 ui.248469  tui_handle_term_mode:226: TUI: terminal mode 69 unavailable, state 0
WRN 2026-08-29T13:44:50.248 ui.248469  tui_handle_term_mode:239: TUI: terminal mode 2026 detected, state 2
WRN 2026-08-29T13:44:50.248 ui.248469  tui_handle_term_mode:226: TUI: terminal mode 2027 unavailable, state 0
WRN 2026-08-29T13:44:50.249 ui.248469  tui_handle_term_mode:239: TUI: terminal mode 2031 detected, state 2
WRN 2026-08-29T13:44:50.249 ui.248469  tui_handle_term_mode:239: TUI: terminal mode 2048 detected, state 2
WRN 2026-08-29T13:45:03.824 ui.249255  tui_handle_term_mode:226: TUI: terminal mode 69 unavailable, state 0
WRN 2026-08-29T13:45:03.824 ui.249255  tui_handle_term_mode:239: TUI: terminal mode 2026 detected, state 2
WRN 2026-08-29T13:45:03.824 ui.249255  tui_handle_term_mode:226: TUI: terminal mode 2027 unavailable, state 0
WRN 2026-08-29T13:45:03.824 ui.249255  tui_handle_term_mode:239: TUI: terminal mode 2031 detected, state 2
WRN 2026-08-29T13:45:03.824 ui.249255  tui_handle_term_mode:239: TUI: terminal mode 2048 detected, state 2
WRN 2026-08-29T13:45:25.256 ui.250013  tui_handle_term_mode:226: TUI: terminal mode 69 unavailable, state 0
WRN 2026-08-29T13:45:25.256 ui.250013  tui_handle_term_mode:239: TUI: terminal mode 2026 detected, state 2
WRN 2026-08-29T13:45:25.256 ui.250013  tui_handle_term_mode:226: TUI: terminal mode 2027 unavailable, state 0
WRN 2026-08-29T13:45:25.256 ui.250013  tui_handle_term_mode:239: TUI: terminal mode 2031 detected, state 2
WRN 2026-08-29T13:45:25.256 ui.250013  tui_handle_term_mode:239: TUI: terminal mode 2048 detected, state 2
WRN 2026-08-30T05:14:12.675 ui.158264  tui_handle_term_mode:226: TUI: terminal mode 69 unavailable, state 0
WRN 2026-08-30T05:14:12.675 ui.158264  tui_handle_term_mode:239: TUI: terminal mode 2026 detected, state 2
WRN 2026-08-30T05:14:12.675 ui.158264  tui_handle_term_mode:226: TUI: terminal mode 2027 unavailable, state 0
WRN 2026-08-30T05:14:12.675 ui.158264  tui_handle_term_mode:239: TUI: terminal mode 2031 detected, state 2
WRN 2026-08-30T05:14:12.675 ui.158264  tui_handle_term_mode:239: TUI: terminal mode 2048 detected, state 2
WRN 2026-08-30T05:14:40.715 ui.159851  tui_handle_term_mode:226: TUI: terminal mode 69 unavailable, state 0
WRN 2026-08-30T05:14:40.715 ui.159851  tui_handle_term_mode:239: TUI: terminal mode 2026 detected, state 2
WRN 2026-08-30T05:14:40.715 ui.159851  tui_handle_term_mode:226: TUI: terminal mode 2027 unavailable, state 0
WRN 2026-08-30T05:14:40.715 ui.159851  tui_handle_term_mode:239: TUI: terminal mode 2031 detected, state 2
WRN 2026-08-30T05:14:40.715 ui.159851  tui_handle_term_mode:239: TUI: terminal mode 2048 detected, state 2
WRN 2026-08-30T05:15:01.845 ui.160927  tui_handle_term_mode:226: TUI: terminal mode 69 unavailable, state 0
WRN 2026-08-30T05:15:01.846 ui.160927  tui_handle_term_mode:239: TUI: terminal mode 2026 detected, state 2
WRN 2026-08-30T05:15:01.846 ui.160927  tui_handle_term_mode:226: TUI: terminal mode 2027 unavailable, state 0
WRN 2026-08-30T05:15:01.846 ui.160927  tui_handle_term_mode:239: TUI: terminal mode 2031 detected, state 2
WRN 2026-08-30T05:15:01.846 ui.160927  tui_handle_term_mode:239: TUI: terminal mode 2048 detected, state 2
WRN 2026-08-30T05:15:07.816 ui.161245  tui_handle_term_mode:226: TUI: terminal mode 69 unavailable, state 0
WRN 2026-08-30T05:15:07.816 ui.161245  tui_handle_term_mode:239: TUI: terminal mode 2026 detected, state 2
WRN 2026-08-30T05:15:07.816 ui.161245  tui_handle_term_mode:226: TUI: terminal mode 2027 unavailable, state 0
WRN 2026-08-30T05:15:07.816 ui.161245  tui_handle_term_mode:239: TUI: terminal mode 2031 detected, state 2
WRN 2026-08-30T05:15:07.816 ui.161245  tui_handle_term_mode:239: TUI: terminal mode 2048 detected, state 2
WRN 2026-08-30T05:41:39.298 ui.430759  tui_handle_term_mode:226: TUI: terminal mode 69 unavailable, state 0
WRN 2026-08-30T05:41:39.298 ui.430759  tui_handle_term_mode:239: TUI: terminal mode 2026 detected, state 2
WRN 2026-08-30T05:41:39.298 ui.430759  tui_handle_term_mode:226: TUI: terminal mode 2027 unavailable, state 0
WRN 2026-08-30T05:41:39.300 ui.430759  tui_handle_term_mode:239: TUI: terminal mode 2031 detected, state 2
WRN 2026-08-30T05:41:39.300 ui.430759  tui_handle_term_mode:239: TUI: terminal mode 2048 detected, state 2
WRN 2026-08-30T05:42:31.056 ui.432566  tui_handle_term_mode:226: TUI: terminal mode 69 unavailable, state 0
WRN 2026-08-30T05:42:31.056 ui.432566  tui_handle_term_mode:239: TUI: terminal mode 2026 detected, state 2
WRN 2026-08-30T05:42:31.057 ui.432566  tui_handle_term_mode:226: TUI: terminal mode 2027 unavailable, state 0
WRN 2026-08-30T05:42:31.057 ui.432566  tui_handle_term_mode:239: TUI: terminal mode 2031 detected, state 2
WRN 2026-08-30T05:42:31.057 ui.432566  tui_handle_term_mode:239: TUI: terminal mode 2048 detected, state 2
WRN 2026-08-30T05:44:17.448 ui.436526  tui_handle_term_mode:226: TUI: terminal mode 69 unavailable, state 0
WRN 2026-08-30T05:44:17.448 ui.436526  tui_handle_term_mode:239: TUI: terminal mode 2026 detected, state 2
WRN 2026-08-30T05:44:17.448 ui.436526  tui_handle_term_mode:226: TUI: terminal mode 2027 unavailable, state 0
WRN 2026-08-30T05:44:17.448 ui.436526  tui_handle_term_mode:239: TUI: terminal mode 2031 detected, state 2
WRN 2026-08-30T05:44:17.448 ui.436526  tui_handle_term_mode:239: TUI: terminal mode 2048 detected, state 2
WRN 2026-08-30T05:45:04.589 ui.438078  tui_handle_term_mode:226: TUI: terminal mode 69 unavailable, state 0
WRN 2026-08-30T05:45:04.589 ui.438078  tui_handle_term_mode:239: TUI: terminal mode 2026 detected, state 2
WRN 2026-08-30T05:45:04.589 ui.438078  tui_handle_term_mode:226: TUI: terminal mode 2027 unavailable, state 0
WRN 2026-08-30T05:45:04.589 ui.438078  tui_handle_term_mode:239: TUI: terminal mode 2031 detected, state 2
WRN 2026-08-30T05:45:04.589 ui.438078  tui_handle_term_mode:239: TUI: terminal mode 2048 detected, state 2
WRN 2026-08-30T05:45:49.483 ui.439880  tui_handle_term_mode:226: TUI: terminal mode 69 unavailable, state 0
WRN 2026-08-30T05:45:49.483 ui.439880  tui_handle_term_mode:239: TUI: terminal mode 2026 detected, state 2
WRN 2026-08-30T05:45:49.483 ui.439880  tui_handle_term_mode:226: TUI: terminal mode 2027 unavailable, state 0
WRN 2026-08-30T05:45:49.484 ui.439880  tui_handle_term_mode:239: TUI: terminal mode 2031 detected, state 2
WRN 2026-08-30T05:45:49.484 ui.439880  tui_handle_term_mode:239: TUI: terminal mode 2048 detected, state 2
WRN 2026-08-30T05:46:21.122 ui.441692  tui_handle_term_mode:226: TUI: terminal mode 69 unavailable, state 0
WRN 2026-08-30T05:46:21.122 ui.441692  tui_handle_term_mode:239: TUI: terminal mode 2026 detected, state 2
WRN 2026-08-30T05:46:21.122 ui.441692  tui_handle_term_mode:226: TUI: terminal mode 2027 unavailable, state 0
WRN 2026-08-30T05:46:21.122 ui.441692  tui_handle_term_mode:239: TUI: terminal mode 2031 detected, state 2
WRN 2026-08-30T05:46:21.122 ui.441692  tui_handle_term_mode:239: TUI: terminal mode 2048 detected, state 2
WRN 2026-08-30T05:46:56.331 ui.443189  tui_handle_term_mode:226: TUI: terminal mode 69 unavailable, state 0
WRN 2026-08-30T05:46:56.331 ui.443189  tui_handle_term_mode:239: TUI: terminal mode 2026 detected, state 2
WRN 2026-08-30T05:46:56.331 ui.443189  tui_handle_term_mode:226: TUI: terminal mode 2027 unavailable, state 0
WRN 2026-08-30T05:46:56.331 ui.443189  tui_handle_term_mode:239: TUI: terminal mode 2031 detected, state 2
WRN 2026-08-30T05:46:56.331 ui.443189  tui_handle_term_mode:239: TUI: terminal mode 2048 detected, state 2
WRN 2026-08-30T05:48:34.385 ui.447590  tui_handle_term_mode:226: TUI: terminal mode 69 unavailable, state 0
WRN 2026-08-30T05:48:34.385 ui.447590  tui_handle_term_mode:239: TUI: terminal mode 2026 detected, state 2
WRN 2026-08-30T05:48:34.385 ui.447590  tui_handle_term_mode:226: TUI: terminal mode 2027 unavailable, state 0
WRN 2026-08-30T05:48:34.385 ui.447590  tui_handle_term_mode:239: TUI: terminal mode 2031 detected, state 2
WRN 2026-08-30T05:48:34.385 ui.447590  tui_handle_term_mode:239: TUI: terminal mode 2048 detected, state 2
WRN 2026-08-30T05:48:50.883 ui.448408  tui_handle_term_mode:226: TUI: terminal mode 69 unavailable, state 0
WRN 2026-08-30T05:48:50.884 ui.448408  tui_handle_term_mode:239: TUI: terminal mode 2026 detected, state 2
WRN 2026-08-30T05:48:50.884 ui.448408  tui_handle_term_mode:226: TUI: terminal mode 2027 unavailable, state 0
WRN 2026-08-30T05:48:50.884 ui.448408  tui_handle_term_mode:239: TUI: terminal mode 2031 detected, state 2
WRN 2026-08-30T05:48:50.884 ui.448408  tui_handle_term_mode:239: TUI: terminal mode 2048 detected, state 2
WRN 2026-08-31T05:20:51.404 ui.8642    tui_handle_term_mode:226: TUI: terminal mode 69 unavailable, state 0
WRN 2026-08-31T05:20:51.405 ui.8642    tui_handle_term_mode:239: TUI: terminal mode 2026 detected, state 2
WRN 2026-08-31T05:20:51.405 ui.8642    tui_handle_term_mode:226: TUI: terminal mode 2027 unavailable, state 0
WRN 2026-08-31T05:20:51.405 ui.8642    tui_handle_term_mode:239: TUI: terminal mode 2031 detected, state 2
WRN 2026-08-31T05:20:51.405 ui.8642    tui_handle_term_mode:239: TUI: terminal mode 2048 detected, state 2
WRN 2026-08-31T06:39:34.400 ui.3247    tui_handle_term_mode:226: TUI: terminal mode 69 unavailable, state 0
WRN 2026-08-31T06:39:34.400 ui.3247    tui_handle_term_mode:239: TUI: terminal mode 2026 detected, state 2
WRN 2026-08-31T06:39:34.400 ui.3247    tui_handle_term_mode:226: TUI: terminal mode 2027 unavailable, state 0
WRN 2026-08-31T06:39:34.400 ui.3247    tui_handle_term_mode:239: TUI: terminal mode 2031 detected, state 2
WRN 2026-08-31T06:39:34.400 ui.3247    tui_handle_term_mode:239: TUI: terminal mode 2048 detected, state 2
WRN 2026-08-31T06:40:12.388 ui.4449    tui_handle_term_mode:226: TUI: terminal mode 69 unavailable, state 0
WRN 2026-08-31T06:40:12.388 ui.4449    tui_handle_term_mode:239: TUI: terminal mode 2026 detected, state 2
WRN 2026-08-31T06:40:12.388 ui.4449    tui_handle_term_mode:226: TUI: terminal mode 2027 unavailable, state 0
WRN 2026-08-31T06:40:12.388 ui.4449    tui_handle_term_mode:239: TUI: terminal mode 2031 detected, state 2
WRN 2026-08-31T06:40:12.388 ui.4449    tui_handle_term_mode:239: TUI: terminal mode 2048 detected, state 2
WRN 2026-08-31T06:40:34.960 ui.4569    tui_handle_term_mode:226: TUI: terminal mode 69 unavailable, state 0
WRN 2026-08-31T06:40:34.960 ui.4569    tui_handle_term_mode:239: TUI: terminal mode 2026 detected, state 2
WRN 2026-08-31T06:40:34.960 ui.4569    tui_handle_term_mode:226: TUI: terminal mode 2027 unavailable, state 0
WRN 2026-08-31T06:40:34.960 ui.4569    tui_handle_term_mode:239: TUI: terminal mode 2031 detected, state 2
WRN 2026-08-31T06:40:34.960 ui.4569    tui_handle_term_mode:239: TUI: terminal mode 2048 detected, state 2
WRN 2026-08-31T06:43:01.029 ui.6154    tui_handle_term_mode:226: TUI: terminal mode 69 unavailable, state 0
WRN 2026-08-31T06:43:01.029 ui.6154    tui_handle_term_mode:239: TUI: terminal mode 2026 detected, state 2
WRN 2026-08-31T06:43:01.030 ui.6154    tui_handle_term_mode:226: TUI: terminal mode 2027 unavailable, state 0
WRN 2026-08-31T06:43:01.030 ui.6154    tui_handle_term_mode:239: TUI: terminal mode 2031 detected, state 2
WRN 2026-08-31T06:43:01.030 ui.6154    tui_handle_term_mode:239: TUI: terminal mode 2048 detected, state 2
WRN 2026-08-31T08:52:18.236 ui.4821    tui_handle_term_mode:226: TUI: terminal mode 69 unavailable, state 0
WRN 2026-08-31T08:52:18.236 ui.4821    tui_handle_term_mode:239: TUI: terminal mode 2026 detected, state 2
WRN 2026-08-31T08:52:18.236 ui.4821    tui_handle_term_mode:226: TUI: terminal mode 2027 unavailable, state 0
WRN 2026-08-31T08:52:18.236 ui.4821    tui_handle_term_mode:239: TUI: terminal mode 2031 detected, state 2
WRN 2026-08-31T08:52:18.236 ui.4821    tui_handle_term_mode:239: TUI: terminal mode 2048 detected, state 2
WRN 2026-08-31T08:54:18.627 ui.5728    tui_handle_term_mode:226: TUI: terminal mode 69 unavailable, state 0
WRN 2026-08-31T08:54:18.627 ui.5728    tui_handle_term_mode:239: TUI: terminal mode 2026 detected, state 2
WRN 2026-08-31T08:54:18.627 ui.5728    tui_handle_term_mode:226: TUI: terminal mode 2027 unavailable, state 0
WRN 2026-08-31T08:54:18.627 ui.5728    tui_handle_term_mode:239: TUI: terminal mode 2031 detected, state 2
WRN 2026-08-31T08:54:18.627 ui.5728    tui_handle_term_mode:239: TUI: terminal mode 2048 detected, state 2
WRN 2026-08-31T08:55:48.129 ui.6075    tui_handle_term_mode:226: TUI: terminal mode 69 unavailable, state 0
WRN 2026-08-31T08:55:48.129 ui.6075    tui_handle_term_mode:239: TUI: terminal mode 2026 detected, state 2
WRN 2026-08-31T08:55:48.129 ui.6075    tui_handle_term_mode:226: TUI: terminal mode 2027 unavailable, state 0
WRN 2026-08-31T08:55:48.129 ui.6075    tui_handle_term_mode:239: TUI: terminal mode 2031 detected, state 2
WRN 2026-08-31T08:55:48.129 ui.6075    tui_handle_term_mode:239: TUI: terminal mode 2048 detected, state 2
WRN 2026-08-31T08:59:12.832 ui.7089    tui_handle_term_mode:226: TUI: terminal mode 69 unavailable, state 0
WRN 2026-08-31T08:59:12.833 ui.7089    tui_handle_term_mode:239: TUI: terminal mode 2026 detected, state 2
WRN 2026-08-31T08:59:12.833 ui.7089    tui_handle_term_mode:226: TUI: terminal mode 2027 unavailable, state 0
WRN 2026-08-31T08:59:12.833 ui.7089    tui_handle_term_mode:239: TUI: terminal mode 2031 detected, state 2
WRN 2026-08-31T08:59:12.833 ui.7089    tui_handle_term_mode:239: TUI: terminal mode 2048 detected, state 2
WRN 2026-08-31T09:08:22.886 ui.12132   tui_handle_term_mode:226: TUI: terminal mode 69 unavailable, state 0
WRN 2026-08-31T09:08:22.890 ui.12132   tui_handle_term_mode:239: TUI: terminal mode 2026 detected, state 2
WRN 2026-08-31T09:08:22.890 ui.12132   tui_handle_term_mode:226: TUI: terminal mode 2027 unavailable, state 0
WRN 2026-08-31T09:08:22.890 ui.12132   tui_handle_term_mode:239: TUI: terminal mode 2031 detected, state 2
WRN 2026-08-31T09:08:22.890 ui.12132   tui_handle_term_mode:239: TUI: terminal mode 2048 detected, state 2
WRN 2026-08-31T09:10:16.392 ui.12879   tui_handle_term_mode:226: TUI: terminal mode 69 unavailable, state 0
WRN 2026-08-31T09:10:16.392 ui.12879   tui_handle_term_mode:239: TUI: terminal mode 2026 detected, state 2
WRN 2026-08-31T09:10:16.392 ui.12879   tui_handle_term_mode:226: TUI: terminal mode 2027 unavailable, state 0
WRN 2026-08-31T09:10:16.392 ui.12879   tui_handle_term_mode:239: TUI: terminal mode 2031 detected, state 2
WRN 2026-08-31T09:10:16.392 ui.12879   tui_handle_term_mode:239: TUI: terminal mode 2048 detected, state 2
WRN 2026-08-31T09:11:58.953 ui.13665   tui_handle_term_mode:226: TUI: terminal mode 69 unavailable, state 0
WRN 2026-08-31T09:11:58.953 ui.13665   tui_handle_term_mode:239: TUI: terminal mode 2026 detected, state 2
WRN 2026-08-31T09:11:58.953 ui.13665   tui_handle_term_mode:226: TUI: terminal mode 2027 unavailable, state 0
WRN 2026-08-31T09:11:58.953 ui.13665   tui_handle_term_mode:239: TUI: terminal mode 2031 detected, state 2
WRN 2026-08-31T09:11:58.953 ui.13665   tui_handle_term_mode:239: TUI: terminal mode 2048 detected, state 2
WRN 2026-08-31T09:28:02.363 ui.19928   tui_handle_term_mode:226: TUI: terminal mode 69 unavailable, state 0
WRN 2026-08-31T09:28:02.363 ui.19928   tui_handle_term_mode:239: TUI: terminal mode 2026 detected, state 2
WRN 2026-08-31T09:28:02.363 ui.19928   tui_handle_term_mode:226: TUI: terminal mode 2027 unavailable, state 0
WRN 2026-08-31T09:28:02.363 ui.19928   tui_handle_term_mode:239: TUI: terminal mode 2031 detected, state 2
WRN 2026-08-31T09:28:02.363 ui.19928   tui_handle_term_mode:239: TUI: terminal mode 2048 detected, state 2
